exports[`view printSearchInfo 1`] = `
Array [
  "[1mJ√§k√§l√§[22m - [1m√ñyl√§tti[22m",
]
`;
